warning: `!` stops the program if the value is missing or an error
  --> corpus/m18/s23_tokenizer.lume:48:39
   |
48 |   puts eval_rpn(tokenize("3 4 + 10 *")!)
   |                                       ^
  help: fine in tests and quick scripts; elsewhere use `match`, `?` or `.or(default)`
warning: `!` stops the program if the value is missing or an error
  --> corpus/m18/s23_tokenizer.lume:49:40
   |
49 |   puts eval_rpn(tokenize("100 7 - 3 /")!)
   |                                        ^
  help: fine in tests and quick scripts; elsewhere use `match`, `?` or `.or(default)`
Ok([Num(v: 12), Op(c: +), LParen, Num(v: 3), Op(c: *), Num(v: 45), RParen])
Error(bad char `%` at 2)
70
31
Error(bad char `€` at 2)
exit: 0