error: `extend [T] with Tagged` overlaps `extend [Int] with Tagged` from examples/errors/extend_concrete_overlap.lume:4
  --> examples/errors/extend_concrete_overlap.lume:7:1
  |
7 | extend [T] with Tagged:
  | ^
  help: both would apply to `[Int]`, and a type has one `Tagged`: as in Rust, neither wins for being more specific. Remove one, or narrow them so no type fits both
