error: a generator cannot be held as an `Iterator[Int]` value: it is used up as it is walked, and such a value is copied
  --> examples/errors/generator_as_interface.lume:10:20
   |
10 |   f = Feed(source: ones())
   |                    ^
  help: a generator lives in a local, a parameter `xs: Iterator[T]`, or a function's result `-> Iterator[T]`; to keep the items, `.to_list`
