error: the block of `map_error` gives a `Str`, but it must give an `Error`
  --> examples/errors/map_error_gives_str.lume:3:55
  |
3 | def port(v: Str) -> Int or Error = v.to_int.map_error { |e| "port: #{e.message}" }
  |                                                       ^
  help: write the new failure, as in `r.map_error { |e| Error("reading the file: #{e.message}") }`
