error: `(code, out, err) = ...` takes a tuple apart, but this is a `(Int, Str, Str) or Error`
  --> examples/errors/process_no_try.lume:4:29
  |
4 |   (code, out, err) = Process.run("echo", ["hi"])
  |                             ^
  help: the tuple is inside a result: take it out first, with `(code, out, err) = ...?` or a `match` on `Ok(..)`/`Error(e)`
