error: a space between `puts` and `(` is ambiguous: a call, or a value in parentheses?
  --> examples/errors/spaced_paren.lume:3:8
  |
3 |   puts (nums.len + 1) * 2
  |        ^
  help: for a call write `puts(...)` with no space; for a value in parentheses, drop the outer parentheses or wrap the whole argument: `puts((a + b) * 2)`
