error: the method `dist` belongs to one `Point`, and `far` is `def self.far`, so there is no `self` here
  --> examples/errors/static_top_level.lume:6:25
  |
6 |   def self.far -> Int = dist
  |                         ^
  help: take the value as a parameter, or make it a method of one value: `def far(...)`
