error: `.add` would change a temporary copy (`idx["a"].or(...)`), and the change would be lost
  --> examples/errors/temp_mutation.lume:3:18
  |
3 |   idx["a"].or({}).add(2)
  |                  ^
  help: change the stored value directly: `idx["a"].add(...)` on a `var` map starts from an empty value when the key is missing
