error: a space between `puts` and `(` is ambiguous: a call, or a value in parentheses?
  --> corpus/edge/e14_if_arg.lume:6:8
  |
6 |   puts (if n == 3: 1 else: 0) + 10
  |        ^
  help: for a call write `puts(...)` with no space; for a value in parentheses, drop the outer parentheses or wrap the whole argument: `puts((a + b) * 2)`
exit: 1
