--- initialize
{"id": 1, "jsonrpc": "2.0", "result": {"capabilities": {"textDocumentSync": {"change": 1, "openClose": true, "save": {"includeText": false}}}, "serverInfo": {"name": "lume", "version": "0.1.0"}}}
--- a file with an error, then fixed
{"jsonrpc": "2.0", "method": "textDocument/publishDiagnostics", "params": {"diagnostics": [{"message": "unknown name `nope`\nhelp: names must be bound with `name = value` or `var name = value` before use", "range": {"end": {"character": 11, "line": 1}, "start": {"character": 7, "line": 1}}, "severity": 1, "source": "lume"}], "uri": "<tmp>/one/hello.lume"}}
{"jsonrpc": "2.0", "method": "textDocument/publishDiagnostics", "params": {"diagnostics": [], "uri": "<tmp>/one/hello.lume"}}
--- a module, checked through the main.lume that imports it
{"jsonrpc": "2.0", "method": "textDocument/publishDiagnostics", "params": {"diagnostics": [{"message": "`*` cannot combine a `Int` and a `Str`", "range": {"end": {"character": 34, "line": 0}, "start": {"character": 33, "line": 0}}, "severity": 1, "source": "lume"}], "uri": "<tmp>/mods/helper.lume"}}
--- a module of a package, unsaved text
{"jsonrpc": "2.0", "method": "textDocument/publishDiagnostics", "params": {"diagnostics": [{"message": "`hi` returns `Str`, but this is a `Int`\nhelp: write `\"#{42}\"` or `42.to_s`", "range": {"end": {"character": 22, "line": 0}, "start": {"character": 20, "line": 0}}, "severity": 1, "source": "lume"}], "uri": "<tmp>/pkg/util.lume"}}
{"jsonrpc": "2.0", "method": "textDocument/publishDiagnostics", "params": {"diagnostics": [], "uri": "<tmp>/pkg/util.lume"}}
--- a request it does not answer, then shutdown
{"error": {"code": -32601, "message": "`textDocument/hover` is not supported"}, "id": 2, "jsonrpc": "2.0"}
{"id": 3, "jsonrpc": "2.0", "result": null}
exit: 0
