today is Friday 14 March 2025
Rosa   Fri 14 Mar 2025  turns 35, today!
Mia    Sat 15 Mar 2025  turns 25, tomorrow
Alan   Mon 23 Jun 2025  turns 113, in 101 days
Grace  Tue 09 Dec 2025  turns 119, in 270 days
Ada    Wed 10 Dec 2025  turns 210, in 271 days
Linus  Sun 28 Dec 2025  turns 56, in 289 days
Larry  Sun 01 Mar 2026  turns 30, in 352 days
Tim    Fri 13 Mar 2026  turns 71, in 364 days
2 birthdays in the next 30 days
Error("February 2025 has days 1 to 28, not 29")
exit: 0
