INVOICE 2024-017
issued Monday 29 January 2024, as of Friday 01 March 2024

Consulting hours   12 x    85.00 =  1020.00
Travel              1 x   234.50 =   234.50
License             2 x    49.99 =    99.98
                                   --------
total                               1354.48

payment 1: 451.49 due Wed 28 Feb 2024, 2 days overdue
payment 2: 451.49 due Fri 29 Mar 2024, in 28 days
payment 3: 451.50 due Mon 29 Apr 2024 (Sun 28 Apr is a weekend), in 59 days
exit: 0
