now: Tue 27 Feb 2024 12:00
refused:
  job 5 (broken): `2024/02/27 10:00` does not match `%Y-%m-%d %H:%M`: expected `-` at position 4
  job 6 (never): `every` needs `days` or `hours`
  job 7 (fast): `hours` is a number, not a whole number
backup, every day from Sun 25 Feb 02:00:
  Wed 28 Feb 02:00 | Thu 29 Feb 02:00 | Fri 01 Mar 02:00 | Sat 02 Mar 02:00 | Sun 03 Mar 02:00
report, every 7 days from Mon 26 Feb 09:00:
  Mon 04 Mar 09:00 | Mon 11 Mar 09:00 | Mon 18 Mar 09:00 | Mon 25 Mar 09:00 | Mon 01 Apr 09:00
sync, every 6 hours from Tue 27 Feb 10:15:
  Tue 27 Feb 16:15 | Tue 27 Feb 22:15 | Wed 28 Feb 04:15 | Wed 28 Feb 10:15 | Wed 28 Feb 16:15
rent, every 30 days from Fri 01 Mar 00:00:
  Fri 01 Mar 00:00 | Sun 31 Mar 00:00 | Tue 30 Apr 00:00 | Thu 30 May 00:00 | Sat 29 Jun 00:00
next five of all:
  Tue 27 Feb 16:15  sync
  Tue 27 Feb 22:15  sync
  Wed 28 Feb 02:00  backup
  Wed 28 Feb 04:15  sync
  Wed 28 Feb 10:15  sync
on 29 February (day 60): backup at 02:00
[{"job":"sync","at":"2024-02-27 16:15"},{"job":"sync","at":"2024-02-27 22:15"},{"job":"backup","at":"2024-02-28 02:00"},{"job":"sync","at":"2024-02-28 04:15"},{"job":"sync","at":"2024-02-28 10:15"}]
exit: 0
