                  INVOICE
Bill to: Harbour Books Ltd
============================================
Item               Qty       Price    Amount
--------------------------------------------
Notebook             3       $4.25    $12.75
Pen (blue)          10       $0.80     $8.00
Stapler              1      $15.50    $15.50
Paper, A4 ream       2       $6.99    $13.98
--------------------------------------------
                          Subtotal    $50.23
           Discount (10% over $50)    $-5.02
                            Tax 8%     $3.62
                             TOTAL    $48.82
============================================
4 lines, 16 units
exit: 0
