Khoor, Zruog!
Hello, World!
`ab
A man, a plan, a canal: Panama  true
Hello                           false
Was it a car or a cat I saw?    true
!!                              false
AKL
Ada King Lovelace
16 chars: 10 letters, 2 digits, 2 spaces, 2 other
i=4 s=4 p=2 m=1
Some(("i", 4))
Some("A")
Some(233)
exit: 0
