warning: `mixed` holds values of different types behind `Renders`, so calls on its items go through a pointer
  --> examples/generic_interfaces.lume:161:3
    |
161 |   mixed: [Renders[Str]] = [Loud(mark: "!"), Quiet(mark: ".")]
    |   ^
  help: fine for most code; use a single concrete type or an enum if this is a hot loop
-7
true
true
Some(Version(major: 1, minor: 9))
[Version(major: 0, minor: 5), Version(major: 1, minor: 2), Version(major: 1, minor: 9)]
Some(Weight(grams: 30))
[Weight(grams: 12), Weight(grams: 30)]
["ada", "bo"]
[("ada", 3), ("bo", 1)]
[2, 7]
[(2, "x"), (7, "y")]
HELLO!
hello.
BOTH!
both.
25
