42
-7
3.5
2.0
true
plain text
["a", "b"]
["a, b"]
[1, 2, 3]
[]
{"x": 1, "y": 2}
{"one", "two"}
{}
(1, "two", true)
[[1, 2], [3]]
Some("pear")
None
[Some(1), None]
Ok(5)
Error("no such row")
Point(x: 1, y: 2)
Person(name: "Ada", home: Point(x: 0, y: 0))
Dot
Circle(radius: 1.5)
Box(w: 2, h: 3)
[Point(x: 1, y: 2)]
hello Ada
the list is ["a", "b"]
[    ab]
[ab    ]
[    42]
[42    ]
[too long for this]
1-2-3
1.5-2.5
a-b
6-2-4
