Hello world
Some(2)
None
true
false
true
true
[ab   ]
[   ab]
[a, b, c]
[hi  ]
[  hi]
1234.50
0.13
7.0
20
7
3
10
1024
6.25
true
false
1.5
[3, 1, 2]
Some(3)
None
2.0
1.5
[1, 2, 3]
[(1, a), (2, b), (3, c)]
[1, 10, 2, 3]
1
[10, 2, 3]
{1: [1, 4, 7, 10], 2: [2, 5, 8], 0: [3, 6, 9]}
{a: [apple, avocado], b: [bob]}
([4, 5, 6], [1, 2, 3])
[4, 5, 6]
[1, 10, 2, 20, 3, 30]
[a, p, b, o, a, v]
{a: 1, b: 2, c: 30, d: 4}
{b: 2, c: 3}
{b: 2, c: 3}
{a: 100, b: 200, c: 300}
a: false
b: true
c: true
Some(8)
None
Some(42)
None
Ok(43)
[ann1, bo2]
