Pancakes (serves 4)
  flour   250g
  milk    300ml
  eggs    3
  sugar   12.5g
  butter  50g

Pancakes (serves 6)
  flour   375g
  milk    450ml
  eggs    4.5
  sugar   18.7g
  butter  75g

Pancakes (serves 2)
  flour   125g
  milk    150ml
  eggs    1.5
  sugar   6.2g
  butter  25g
dry weight at 4: 312.5g
exit: 0
