warning: `book` is `shared var`: every use of it takes a lock, so tasks change it one at a time
  --> corpus/m45/c03_ledger/main.lume:29:3
   |
29 |   shared var book = account.opening
   |   ^
  help: fine for a store or a counter; keep the work done while it is locked short
ana -200
cy 50
refused: bo would go below zero
dee 20
ana+5
risky: zed would go below zero
Error("bad move `nobody`")
470
["ana", "bo", "cy", "dee"]
300
exit: 0
