error: a block that is kept cannot use `self` or its fields
  --> corpus/m42/c10_limits.lume:24:34
   |
24 |   def checker -> (Str) -> Bool = { |s| s.len <= max_len and not banned.contains?(s) }
   |                                  ^
  help: it may outlive this value; bind what it needs to a name before the block, and use that
exit: 1
