error: `.push` on a `[Task[Int]]` takes a `Task[Int]`, but this is a `Task[Int]`
  --> corpus/m59/b09_own_generic_task_list.lume:35:11
   |
35 |   hs.push(spawn: 1 + 1)
   |           ^
  help: this program has a `Task` of its own, so `Task[..]` in a type means yours; what `spawn:` gives is the built-in task, which has no other name here: leave its type out and Lume works it out
exit: 1
