warning: `held` holds values of different types behind `Mappable`, so calls on its items go through a pointer
  --> corpus/m45/b02_mappable_known_type.lume:70:3
   |
70 |   held: [Mappable[Int]] = [b, [4, 5]]
   |   ^
  help: fine for most code; use a single concrete type or an enum if this is a hot loop
[2, 4, 6]
[10]
[2, 4, 6]
["n1", "n2", "n3"]
["n7"]
[2, 3]
[1.5, 3.0, 4.5]
["<1>", "<2>"]
3 item(s)
[3, 2]
["3 item(s)", "2 item(s)"]
1
exit: 0
