error: this `Mappable[Int]` is held through a pointer, and `Mappable[Int]` has methods only a known type can call (`map_all`)
  --> corpus/m45/b10_pass_held_binding.lume:30:14
   |
30 |   puts count(m)
   |              ^
  help: pass the value itself, where its own type is known, rather than one taken from a list, a field or a binding of the interface's type
exit: 1
