error: a generator cannot be held as an `Iterator[Int]` value: it is used up as it is walked, and such a value is copied
  --> corpus/m73/b11_gen_in_field.lume:21:32
   |
21 |   s = Source(name: "a", items: ones())
   |                                ^
  help: a generator lives in a local or a parameter `xs: Iterator[T]`; to keep the items, `.to_list`; to give them back from a function, make it a generator: `for x in other(): yield x`
exit: 1
