error: `num` takes `n: Int`, but this is a `T`
  --> corpus/m28/z10_marks_table.lume:106:91
    |
106 |     puts "#{n.pad_right(7)}#{num(ages.at(i), 3)}  #{grades.at(i).pad_right(7)}#{num(scores.at(i), 5)}"
    |                                                                                           ^
exit: 1
